{"timestamp":"2026-08-09T08:55:02.483968Z","level":"info","event":"::group::Pre Execute","logger":"task","filename":"task_runner.py","lineno":2303}
{"timestamp":"2026-08-09T08:55:02.671635Z","level":"info","event":"DAG bundles loaded: dags-folder","task_id":"create_tables_snow","dag_id":"dag_orchestration_id","run_id":"manual__2026-08-09T08:54:58.862522+00:00","map_index":-1,"try_number":1,"ti_id":"019fe5bb-8280-7765-8061-b02cc714d772","logger":"airflow.dag_processing.bundles.manager.DagBundlesManager","filename":"manager.py","lineno":271}
{"timestamp":"2026-08-09T08:55:02.683048Z","level":"info","event":"Filling up the DagBag from /opt/airflow/dags/orchestration.py","task_id":"create_tables_snow","dag_id":"dag_orchestration_id","run_id":"manual__2026-08-09T08:54:58.862522+00:00","map_index":-1,"try_number":1,"ti_id":"019fe5bb-8280-7765-8061-b02cc714d772","logger":"airflow.dag_processing.dagbag.BundleDagBag","filename":"dagbag.py","lineno":460}
{"timestamp":"2026-08-09T08:55:03.425465Z","level":"info","event":"Worker startup parse complete","bundle_name":"dags-folder","bundle_version":null,"dag_file":"orchestration.py","dag_id":"dag_orchestration_id","bundle_prepare_ms":13,"dag_file_parse_ms":747,"task_id":"create_tables_snow","run_id":"manual__2026-08-09T08:54:58.862522+00:00","map_index":-1,"try_number":1,"ti_id":"019fe5bb-8280-7765-8061-b02cc714d772","logger":"task","filename":"task_runner.py","lineno":1062}
{"timestamp":"2026-08-09T08:55:03.534005Z","level":"info","event":"::endgroup::","task_id":"create_tables_snow","dag_id":"dag_orchestration_id","run_id":"manual__2026-08-09T08:54:58.862522+00:00","map_index":-1,"try_number":1,"ti_id":"019fe5bb-8280-7765-8061-b02cc714d772","logger":"task","filename":"task_runner.py","lineno":2107}
{"timestamp":"2026-08-09T08:55:09.477679Z","level":"warning","event":"urllib3 (2.7.0) or chardet (6.0.0.post1)/charset_normalizer (3.4.7) doesn't match a supported version!","category":"RequestsDependencyWarning","filename":"/home/airflow/.local/lib/python3.13/site-packages/snowflake/connector/vendored/requests/__init__.py","lineno":113,"task_id":"create_tables_snow","dag_id":"dag_orchestration_id","run_id":"manual__2026-08-09T08:54:58.862522+00:00","map_index":-1,"try_number":1,"ti_id":"019fe5bb-8280-7765-8061-b02cc714d772","logger":"py.warnings"}
{"timestamp":"2026-08-09T08:55:10.154660Z","level":"info","event":"✅ MySQL Connection Successful","logger":"task.stdout"}
{"timestamp":"2026-08-09T08:55:10.152258Z","level":"info","event":"Snowflake Connector for Python Version: 4.6.0, Python Version: 3.13.14, Platform: Linux-6.18.33.2-microsoft-standard-WSL2-x86_64-with-glibc2.36","logger":"snowflake.connector.connection","task_id":"create_tables_snow","dag_id":"dag_orchestration_id","run_id":"manual__2026-08-09T08:54:58.862522+00:00","map_index":-1,"try_number":1,"ti_id":"019fe5bb-8280-7765-8061-b02cc714d772","filename":"connection.py","lineno":638}
{"timestamp":"2026-08-09T08:55:10.158688Z","level":"info","event":"Connecting to GLOBAL Snowflake domain","logger":"snowflake.connector.connection","task_id":"create_tables_snow","dag_id":"dag_orchestration_id","run_id":"manual__2026-08-09T08:54:58.862522+00:00","map_index":-1,"try_number":1,"ti_id":"019fe5bb-8280-7765-8061-b02cc714d772","filename":"connection.py","lineno":1760}
{"timestamp":"2026-08-09T08:55:14.511856Z","level":"info","event":"✅ Snowflake Connection Successful","logger":"task.stdout"}
{"timestamp":"2026-08-09T08:55:14.580955Z","level":"info","event":"User: ATECHPROC","logger":"task.stdout"}
{"timestamp":"2026-08-09T08:55:14.584762Z","level":"info","event":"Database: PHARMACY_DB","logger":"task.stdout"}
{"timestamp":"2026-08-09T08:55:14.588384Z","level":"info","event":"Schema: COMMON","logger":"task.stdout"}
{"timestamp":"2026-08-09T08:55:14.589924Z","level":"info","event":"Warehouse: COMPUTE_WH","logger":"task.stdout"}
{"timestamp":"2026-08-09T08:55:14.592480Z","level":"info","event":"Role: ACCOUNTADMIN","logger":"task.stdout"}
{"timestamp":"2026-08-09T08:55:14.598657Z","level":"info","event":"","logger":"task.stdout"}
{"timestamp":"2026-08-09T08:55:14.603867Z","level":"info","event":"============================================================","logger":"task.stdout"}
{"timestamp":"2026-08-09T08:55:14.605584Z","level":"info","event":"PROCESSING TABLE: addresses","logger":"task.stdout"}
{"timestamp":"2026-08-09T08:55:14.608454Z","level":"info","event":"============================================================","logger":"task.stdout"}
{"timestamp":"2026-08-09T08:55:14.609681Z","level":"info","event":"Extracting addresses from MySQL...","logger":"task.stdout"}
{"timestamp":"2026-08-09T08:55:15.074095Z","level":"info","event":"Rows extracted: 5","logger":"task.stdout"}
{"timestamp":"2026-08-09T08:55:15.080490Z","level":"info","event":"Next file number: 1","logger":"task.stdout"}
{"timestamp":"2026-08-09T08:55:15.104799Z","level":"info","event":"Created CSV:","logger":"task.stdout"}
{"timestamp":"2026-08-09T08:55:15.106359Z","level":"info","event":"/opt/airflow/mysql_exports/addresses/addresses1.csv","logger":"task.stdout"}
{"timestamp":"2026-08-09T08:55:15.107553Z","level":"info","event":"Uploading addresses1.csv","logger":"task.stdout"}
{"timestamp":"2026-08-09T08:55:15.109104Z","level":"info","event":"Stage: @PHARMACY_DB.COMMON.CSV_STAGE/addresses/","logger":"task.stdout"}
{"timestamp":"2026-08-09T08:55:16.336523Z","level":"info","event":"('addresses1.csv', 'addresses1.csv.gz', 258, 0, 'NONE', 'GZIP', 'SKIPPED', '')","logger":"task.stdout"}
{"timestamp":"2026-08-09T08:55:16.337847Z","level":"info","event":"✅ addresses1.csv successfully uploaded","logger":"task.stdout"}
{"timestamp":"2026-08-09T08:55:16.339961Z","level":"info","event":"   Local : /opt/airflow/mysql_exports/addresses/addresses1.csv","logger":"task.stdout"}
{"timestamp":"2026-08-09T08:55:16.363927Z","level":"info","event":"   Stage : @PHARMACY_DB.COMMON.CSV_STAGE/addresses/","logger":"task.stdout"}
{"timestamp":"2026-08-09T08:55:16.368459Z","level":"info","event":"","logger":"task.stdout"}
{"timestamp":"2026-08-09T08:55:16.372225Z","level":"info","event":"============================================================","logger":"task.stdout"}
{"timestamp":"2026-08-09T08:55:16.373550Z","level":"info","event":"PROCESSING TABLE: cart-items","logger":"task.stdout"}
{"timestamp":"2026-08-09T08:55:16.374630Z","level":"info","event":"============================================================","logger":"task.stdout"}
{"timestamp":"2026-08-09T08:55:16.380236Z","level":"info","event":"Extracting cart-items from MySQL...","logger":"task.stdout"}
{"timestamp":"2026-08-09T08:55:16.682601Z","level":"info","event":"Rows extracted: 5","logger":"task.stdout"}
{"timestamp":"2026-08-09T08:55:16.688259Z","level":"info","event":"Next file number: 1","logger":"task.stdout"}
{"timestamp":"2026-08-09T08:55:16.752703Z","level":"info","event":"Created CSV:","logger":"task.stdout"}
{"timestamp":"2026-08-09T08:55:16.754102Z","level":"info","event":"/opt/airflow/mysql_exports/cart-items/cart-items1.csv","logger":"task.stdout"}
{"timestamp":"2026-08-09T08:55:16.756873Z","level":"info","event":"Uploading cart-items1.csv","logger":"task.stdout"}
{"timestamp":"2026-08-09T08:55:16.760245Z","level":"info","event":"Stage: @PHARMACY_DB.COMMON.CSV_STAGE/cart-items/","logger":"task.stdout"}
{"timestamp":"2026-08-09T08:55:17.119192Z","level":"info","event":"('cart-items1.csv', 'cart-items1.csv.gz', 246, 0, 'NONE', 'GZIP', 'SKIPPED', '')","logger":"task.stdout"}
{"timestamp":"2026-08-09T08:55:17.124775Z","level":"info","event":"✅ cart-items1.csv successfully uploaded","logger":"task.stdout"}
{"timestamp":"2026-08-09T08:55:17.136568Z","level":"info","event":"   Local : /opt/airflow/mysql_exports/cart-items/cart-items1.csv","logger":"task.stdout"}
{"timestamp":"2026-08-09T08:55:17.141111Z","level":"info","event":"   Stage : @PHARMACY_DB.COMMON.CSV_STAGE/cart-items/","logger":"task.stdout"}
{"timestamp":"2026-08-09T08:55:17.159990Z","level":"info","event":"","logger":"task.stdout"}
{"timestamp":"2026-08-09T08:55:17.164196Z","level":"info","event":"============================================================","logger":"task.stdout"}
{"timestamp":"2026-08-09T08:55:17.167643Z","level":"info","event":"PROCESSING TABLE: carts","logger":"task.stdout"}
{"timestamp":"2026-08-09T08:55:17.173097Z","level":"info","event":"============================================================","logger":"task.stdout"}
{"timestamp":"2026-08-09T08:55:17.180882Z","level":"info","event":"Extracting carts from MySQL...","logger":"task.stdout"}
{"timestamp":"2026-08-09T08:55:17.347092Z","level":"info","event":"Rows extracted: 5","logger":"task.stdout"}
{"timestamp":"2026-08-09T08:55:17.365202Z","level":"info","event":"Next file number: 1","logger":"task.stdout"}
{"timestamp":"2026-08-09T08:55:17.367540Z","level":"info","event":"Created CSV:","logger":"task.stdout"}
{"timestamp":"2026-08-09T08:55:17.370070Z","level":"info","event":"/opt/airflow/mysql_exports/carts/carts1.csv","logger":"task.stdout"}
{"timestamp":"2026-08-09T08:55:17.380043Z","level":"info","event":"Uploading carts1.csv","logger":"task.stdout"}
{"timestamp":"2026-08-09T08:55:17.381863Z","level":"info","event":"Stage: @PHARMACY_DB.COMMON.CSV_STAGE/carts/","logger":"task.stdout"}
{"timestamp":"2026-08-09T08:55:17.719104Z","level":"info","event":"('carts1.csv', 'carts1.csv.gz', 212, 0, 'NONE', 'GZIP', 'SKIPPED', '')","logger":"task.stdout"}
{"timestamp":"2026-08-09T08:55:17.720939Z","level":"info","event":"✅ carts1.csv successfully uploaded","logger":"task.stdout"}
{"timestamp":"2026-08-09T08:55:17.731932Z","level":"info","event":"   Local : /opt/airflow/mysql_exports/carts/carts1.csv","logger":"task.stdout"}
{"timestamp":"2026-08-09T08:55:17.734696Z","level":"info","event":"   Stage : @PHARMACY_DB.COMMON.CSV_STAGE/carts/","logger":"task.stdout"}
{"timestamp":"2026-08-09T08:55:17.735990Z","level":"info","event":"","logger":"task.stdout"}
{"timestamp":"2026-08-09T08:55:17.737374Z","level":"info","event":"============================================================","logger":"task.stdout"}
{"timestamp":"2026-08-09T08:55:17.738491Z","level":"info","event":"PROCESSING TABLE: categories","logger":"task.stdout"}
{"timestamp":"2026-08-09T08:55:17.739601Z","level":"info","event":"============================================================","logger":"task.stdout"}
{"timestamp":"2026-08-09T08:55:17.749077Z","level":"info","event":"Extracting categories from MySQL...","logger":"task.stdout"}
{"timestamp":"2026-08-09T08:55:17.879905Z","level":"info","event":"Rows extracted: 5","logger":"task.stdout"}
{"timestamp":"2026-08-09T08:55:17.895024Z","level":"info","event":"Next file number: 1","logger":"task.stdout"}
{"timestamp":"2026-08-09T08:55:17.911158Z","level":"info","event":"Created CSV:","logger":"task.stdout"}
{"timestamp":"2026-08-09T08:55:17.912420Z","level":"info","event":"/opt/airflow/mysql_exports/categories/categories1.csv","logger":"task.stdout"}
{"timestamp":"2026-08-09T08:55:17.913386Z","level":"info","event":"Uploading categories1.csv","logger":"task.stdout"}
{"timestamp":"2026-08-09T08:55:17.922268Z","level":"info","event":"Stage: @PHARMACY_DB.COMMON.CSV_STAGE/categories/","logger":"task.stdout"}
{"timestamp":"2026-08-09T08:55:18.370059Z","level":"info","event":"('categories1.csv', 'categories1.csv.gz', 242, 0, 'NONE', 'GZIP', 'SKIPPED', '')","logger":"task.stdout"}
{"timestamp":"2026-08-09T08:55:18.375553Z","level":"info","event":"✅ categories1.csv successfully uploaded","logger":"task.stdout"}
{"timestamp":"2026-08-09T08:55:18.379362Z","level":"info","event":"   Local : /opt/airflow/mysql_exports/categories/categories1.csv","logger":"task.stdout"}
{"timestamp":"2026-08-09T08:55:18.390869Z","level":"info","event":"   Stage : @PHARMACY_DB.COMMON.CSV_STAGE/categories/","logger":"task.stdout"}
{"timestamp":"2026-08-09T08:55:18.393225Z","level":"info","event":"","logger":"task.stdout"}
{"timestamp":"2026-08-09T08:55:18.396260Z","level":"info","event":"============================================================","logger":"task.stdout"}
{"timestamp":"2026-08-09T08:55:18.400187Z","level":"info","event":"PROCESSING TABLE: credits","logger":"task.stdout"}
{"timestamp":"2026-08-09T08:55:18.403416Z","level":"info","event":"============================================================","logger":"task.stdout"}
{"timestamp":"2026-08-09T08:55:18.407628Z","level":"info","event":"Extracting credits from MySQL...","logger":"task.stdout"}
{"timestamp":"2026-08-09T08:55:18.507293Z","level":"info","event":"Rows extracted: 5","logger":"task.stdout"}
{"timestamp":"2026-08-09T08:55:18.524058Z","level":"info","event":"Next file number: 1","logger":"task.stdout"}
{"timestamp":"2026-08-09T08:55:18.528275Z","level":"info","event":"Created CSV:","logger":"task.stdout"}
{"timestamp":"2026-08-09T08:55:18.532284Z","level":"info","event":"/opt/airflow/mysql_exports/credits/credits1.csv","logger":"task.stdout"}
{"timestamp":"2026-08-09T08:55:18.533691Z","level":"info","event":"Uploading credits1.csv","logger":"task.stdout"}
{"timestamp":"2026-08-09T08:55:18.534749Z","level":"info","event":"Stage: @PHARMACY_DB.COMMON.CSV_STAGE/credits/","logger":"task.stdout"}
{"timestamp":"2026-08-09T08:55:18.795948Z","level":"info","event":"('credits1.csv', 'credits1.csv.gz', 404, 0, 'NONE', 'GZIP', 'SKIPPED', '')","logger":"task.stdout"}
{"timestamp":"2026-08-09T08:55:18.803898Z","level":"info","event":"✅ credits1.csv successfully uploaded","logger":"task.stdout"}
{"timestamp":"2026-08-09T08:55:18.807589Z","level":"info","event":"   Local : /opt/airflow/mysql_exports/credits/credits1.csv","logger":"task.stdout"}
{"timestamp":"2026-08-09T08:55:18.809620Z","level":"info","event":"   Stage : @PHARMACY_DB.COMMON.CSV_STAGE/credits/","logger":"task.stdout"}
{"timestamp":"2026-08-09T08:55:18.812188Z","level":"info","event":"","logger":"task.stdout"}
{"timestamp":"2026-08-09T08:55:18.815506Z","level":"info","event":"============================================================","logger":"task.stdout"}
{"timestamp":"2026-08-09T08:55:18.820312Z","level":"info","event":"PROCESSING TABLE: medicine","logger":"task.stdout"}
{"timestamp":"2026-08-09T08:55:18.822677Z","level":"info","event":"============================================================","logger":"task.stdout"}
{"timestamp":"2026-08-09T08:55:18.824092Z","level":"info","event":"Extracting medicine from MySQL...","logger":"task.stdout"}
{"timestamp":"2026-08-09T08:55:18.900187Z","level":"info","event":"Rows extracted: 5","logger":"task.stdout"}
{"timestamp":"2026-08-09T08:55:18.939070Z","level":"info","event":"Next file number: 1","logger":"task.stdout"}
{"timestamp":"2026-08-09T08:55:18.942951Z","level":"info","event":"Created CSV:","logger":"task.stdout"}
{"timestamp":"2026-08-09T08:55:18.948428Z","level":"info","event":"/opt/airflow/mysql_exports/medicine/medicine1.csv","logger":"task.stdout"}
{"timestamp":"2026-08-09T08:55:18.950548Z","level":"info","event":"Uploading medicine1.csv","logger":"task.stdout"}
{"timestamp":"2026-08-09T08:55:18.952027Z","level":"info","event":"Stage: @PHARMACY_DB.COMMON.CSV_STAGE/medicine/","logger":"task.stdout"}
{"timestamp":"2026-08-09T08:55:19.224930Z","level":"info","event":"('medicine1.csv', 'medicine1.csv.gz', 614, 0, 'NONE', 'GZIP', 'SKIPPED', '')","logger":"task.stdout"}
{"timestamp":"2026-08-09T08:55:19.228072Z","level":"info","event":"✅ medicine1.csv successfully uploaded","logger":"task.stdout"}
{"timestamp":"2026-08-09T08:55:19.231305Z","level":"info","event":"   Local : /opt/airflow/mysql_exports/medicine/medicine1.csv","logger":"task.stdout"}
{"timestamp":"2026-08-09T08:55:19.233835Z","level":"info","event":"   Stage : @PHARMACY_DB.COMMON.CSV_STAGE/medicine/","logger":"task.stdout"}
{"timestamp":"2026-08-09T08:55:19.235292Z","level":"info","event":"","logger":"task.stdout"}
{"timestamp":"2026-08-09T08:55:19.240321Z","level":"info","event":"============================================================","logger":"task.stdout"}
{"timestamp":"2026-08-09T08:55:19.241915Z","level":"info","event":"PROCESSING TABLE: order-items","logger":"task.stdout"}
{"timestamp":"2026-08-09T08:55:19.243645Z","level":"info","event":"============================================================","logger":"task.stdout"}
{"timestamp":"2026-08-09T08:55:19.244955Z","level":"info","event":"Extracting order-items from MySQL...","logger":"task.stdout"}
{"timestamp":"2026-08-09T08:55:19.317580Z","level":"info","event":"Rows extracted: 5","logger":"task.stdout"}
{"timestamp":"2026-08-09T08:55:19.323896Z","level":"info","event":"Next file number: 1","logger":"task.stdout"}
{"timestamp":"2026-08-09T08:55:19.328618Z","level":"info","event":"Created CSV:","logger":"task.stdout"}
{"timestamp":"2026-08-09T08:55:19.330096Z","level":"info","event":"/opt/airflow/mysql_exports/order-items/order-items1.csv","logger":"task.stdout"}
{"timestamp":"2026-08-09T08:55:19.332337Z","level":"info","event":"Uploading order-items1.csv","logger":"task.stdout"}
{"timestamp":"2026-08-09T08:55:19.336267Z","level":"info","event":"Stage: @PHARMACY_DB.COMMON.CSV_STAGE/order-items/","logger":"task.stdout"}
{"timestamp":"2026-08-09T08:55:19.549972Z","level":"info","event":"('order-items1.csv', 'order-items1.csv.gz', 246, 0, 'NONE', 'GZIP', 'SKIPPED', '')","logger":"task.stdout"}
{"timestamp":"2026-08-09T08:55:19.554240Z","level":"info","event":"✅ order-items1.csv successfully uploaded","logger":"task.stdout"}
{"timestamp":"2026-08-09T08:55:19.556028Z","level":"info","event":"   Local : /opt/airflow/mysql_exports/order-items/order-items1.csv","logger":"task.stdout"}
{"timestamp":"2026-08-09T08:55:19.558635Z","level":"info","event":"   Stage : @PHARMACY_DB.COMMON.CSV_STAGE/order-items/","logger":"task.stdout"}
{"timestamp":"2026-08-09T08:55:19.560042Z","level":"info","event":"","logger":"task.stdout"}
{"timestamp":"2026-08-09T08:55:19.562563Z","level":"info","event":"============================================================","logger":"task.stdout"}
{"timestamp":"2026-08-09T08:55:19.564688Z","level":"info","event":"PROCESSING TABLE: orders","logger":"task.stdout"}
{"timestamp":"2026-08-09T08:55:19.569643Z","level":"info","event":"============================================================","logger":"task.stdout"}
{"timestamp":"2026-08-09T08:55:19.578348Z","level":"info","event":"Extracting orders from MySQL...","logger":"task.stdout"}
{"timestamp":"2026-08-09T08:55:19.631017Z","level":"info","event":"Rows extracted: 5","logger":"task.stdout"}
{"timestamp":"2026-08-09T08:55:19.635808Z","level":"info","event":"Next file number: 1","logger":"task.stdout"}
{"timestamp":"2026-08-09T08:55:19.638625Z","level":"info","event":"Created CSV:","logger":"task.stdout"}
{"timestamp":"2026-08-09T08:55:19.640225Z","level":"info","event":"/opt/airflow/mysql_exports/orders/orders1.csv","logger":"task.stdout"}
{"timestamp":"2026-08-09T08:55:19.641346Z","level":"info","event":"Uploading orders1.csv","logger":"task.stdout"}
{"timestamp":"2026-08-09T08:55:19.642351Z","level":"info","event":"Stage: @PHARMACY_DB.COMMON.CSV_STAGE/orders/","logger":"task.stdout"}
{"timestamp":"2026-08-09T08:55:19.874064Z","level":"info","event":"('orders1.csv', 'orders1.csv.gz', 424, 0, 'NONE', 'GZIP', 'SKIPPED', '')","logger":"task.stdout"}
{"timestamp":"2026-08-09T08:55:19.876364Z","level":"info","event":"✅ orders1.csv successfully uploaded","logger":"task.stdout"}
{"timestamp":"2026-08-09T08:55:19.877668Z","level":"info","event":"   Local : /opt/airflow/mysql_exports/orders/orders1.csv","logger":"task.stdout"}
{"timestamp":"2026-08-09T08:55:19.879140Z","level":"info","event":"   Stage : @PHARMACY_DB.COMMON.CSV_STAGE/orders/","logger":"task.stdout"}
{"timestamp":"2026-08-09T08:55:19.880564Z","level":"info","event":"","logger":"task.stdout"}
{"timestamp":"2026-08-09T08:55:19.882848Z","level":"info","event":"============================================================","logger":"task.stdout"}
{"timestamp":"2026-08-09T08:55:19.886808Z","level":"info","event":"PROCESSING TABLE: pharmacy","logger":"task.stdout"}
{"timestamp":"2026-08-09T08:55:19.890024Z","level":"info","event":"============================================================","logger":"task.stdout"}
{"timestamp":"2026-08-09T08:55:19.891682Z","level":"info","event":"Extracting pharmacy from MySQL...","logger":"task.stdout"}
{"timestamp":"2026-08-09T08:55:19.945657Z","level":"info","event":"Rows extracted: 5","logger":"task.stdout"}
{"timestamp":"2026-08-09T08:55:19.953831Z","level":"info","event":"Next file number: 1","logger":"task.stdout"}
{"timestamp":"2026-08-09T08:55:19.964619Z","level":"info","event":"Created CSV:","logger":"task.stdout"}
{"timestamp":"2026-08-09T08:55:19.971569Z","level":"info","event":"/opt/airflow/mysql_exports/pharmacy/pharmacy1.csv","logger":"task.stdout"}
{"timestamp":"2026-08-09T08:55:19.973089Z","level":"info","event":"Uploading pharmacy1.csv","logger":"task.stdout"}
{"timestamp":"2026-08-09T08:55:19.974581Z","level":"info","event":"Stage: @PHARMACY_DB.COMMON.CSV_STAGE/pharmacy/","logger":"task.stdout"}
{"timestamp":"2026-08-09T08:55:20.212430Z","level":"info","event":"('pharmacy1.csv', 'pharmacy1.csv.gz', 358, 0, 'NONE', 'GZIP', 'SKIPPED', '')","logger":"task.stdout"}
{"timestamp":"2026-08-09T08:55:20.215540Z","level":"info","event":"✅ pharmacy1.csv successfully uploaded","logger":"task.stdout"}
{"timestamp":"2026-08-09T08:55:20.222006Z","level":"info","event":"   Local : /opt/airflow/mysql_exports/pharmacy/pharmacy1.csv","logger":"task.stdout"}
{"timestamp":"2026-08-09T08:55:20.223636Z","level":"info","event":"   Stage : @PHARMACY_DB.COMMON.CSV_STAGE/pharmacy/","logger":"task.stdout"}
{"timestamp":"2026-08-09T08:55:20.228929Z","level":"info","event":"","logger":"task.stdout"}
{"timestamp":"2026-08-09T08:55:20.231516Z","level":"info","event":"============================================================","logger":"task.stdout"}
{"timestamp":"2026-08-09T08:55:20.232923Z","level":"info","event":"PROCESSING TABLE: suppliers","logger":"task.stdout"}
{"timestamp":"2026-08-09T08:55:20.234245Z","level":"info","event":"============================================================","logger":"task.stdout"}
{"timestamp":"2026-08-09T08:55:20.236057Z","level":"info","event":"Extracting suppliers from MySQL...","logger":"task.stdout"}
{"timestamp":"2026-08-09T08:55:20.271861Z","level":"info","event":"Rows extracted: 5","logger":"task.stdout"}
{"timestamp":"2026-08-09T08:55:20.273006Z","level":"info","event":"Next file number: 1","logger":"task.stdout"}
{"timestamp":"2026-08-09T08:55:20.274025Z","level":"info","event":"Created CSV:","logger":"task.stdout"}
{"timestamp":"2026-08-09T08:55:20.275527Z","level":"info","event":"/opt/airflow/mysql_exports/suppliers/suppliers1.csv","logger":"task.stdout"}
{"timestamp":"2026-08-09T08:55:20.276442Z","level":"info","event":"Uploading suppliers1.csv","logger":"task.stdout"}
{"timestamp":"2026-08-09T08:55:20.277387Z","level":"info","event":"Stage: @PHARMACY_DB.COMMON.CSV_STAGE/suppliers/","logger":"task.stdout"}
{"timestamp":"2026-08-09T08:55:20.514322Z","level":"info","event":"('suppliers1.csv', 'suppliers1.csv.gz', 237, 0, 'NONE', 'GZIP', 'SKIPPED', '')","logger":"task.stdout"}
{"timestamp":"2026-08-09T08:55:20.516261Z","level":"info","event":"✅ suppliers1.csv successfully uploaded","logger":"task.stdout"}
{"timestamp":"2026-08-09T08:55:20.517859Z","level":"info","event":"   Local : /opt/airflow/mysql_exports/suppliers/suppliers1.csv","logger":"task.stdout"}
{"timestamp":"2026-08-09T08:55:20.520908Z","level":"info","event":"   Stage : @PHARMACY_DB.COMMON.CSV_STAGE/suppliers/","logger":"task.stdout"}
{"timestamp":"2026-08-09T08:55:20.522708Z","level":"info","event":"","logger":"task.stdout"}
{"timestamp":"2026-08-09T08:55:20.525310Z","level":"info","event":"============================================================","logger":"task.stdout"}
{"timestamp":"2026-08-09T08:55:20.529667Z","level":"info","event":"PROCESSING TABLE: taxes","logger":"task.stdout"}
{"timestamp":"2026-08-09T08:55:20.532191Z","level":"info","event":"============================================================","logger":"task.stdout"}
{"timestamp":"2026-08-09T08:55:20.533712Z","level":"info","event":"Extracting taxes from MySQL...","logger":"task.stdout"}
{"timestamp":"2026-08-09T08:55:20.566887Z","level":"info","event":"Rows extracted: 5","logger":"task.stdout"}
{"timestamp":"2026-08-09T08:55:20.574159Z","level":"info","event":"Next file number: 1","logger":"task.stdout"}
{"timestamp":"2026-08-09T08:55:20.575241Z","level":"info","event":"Created CSV:","logger":"task.stdout"}
{"timestamp":"2026-08-09T08:55:20.576412Z","level":"info","event":"/opt/airflow/mysql_exports/taxes/taxes1.csv","logger":"task.stdout"}
{"timestamp":"2026-08-09T08:55:20.577418Z","level":"info","event":"Uploading taxes1.csv","logger":"task.stdout"}
{"timestamp":"2026-08-09T08:55:20.578364Z","level":"info","event":"Stage: @PHARMACY_DB.COMMON.CSV_STAGE/taxes/","logger":"task.stdout"}
{"timestamp":"2026-08-09T08:55:20.798490Z","level":"info","event":"('taxes1.csv', 'taxes1.csv.gz', 391, 0, 'NONE', 'GZIP', 'SKIPPED', '')","logger":"task.stdout"}
{"timestamp":"2026-08-09T08:55:20.799997Z","level":"info","event":"✅ taxes1.csv successfully uploaded","logger":"task.stdout"}
{"timestamp":"2026-08-09T08:55:20.801267Z","level":"info","event":"   Local : /opt/airflow/mysql_exports/taxes/taxes1.csv","logger":"task.stdout"}
{"timestamp":"2026-08-09T08:55:20.802602Z","level":"info","event":"   Stage : @PHARMACY_DB.COMMON.CSV_STAGE/taxes/","logger":"task.stdout"}
{"timestamp":"2026-08-09T08:55:20.803728Z","level":"info","event":"","logger":"task.stdout"}
{"timestamp":"2026-08-09T08:55:20.804798Z","level":"info","event":"============================================================","logger":"task.stdout"}
{"timestamp":"2026-08-09T08:55:20.805900Z","level":"info","event":"PROCESSING TABLE: users","logger":"task.stdout"}
{"timestamp":"2026-08-09T08:55:20.806847Z","level":"info","event":"============================================================","logger":"task.stdout"}
{"timestamp":"2026-08-09T08:55:20.807815Z","level":"info","event":"Extracting users from MySQL...","logger":"task.stdout"}
{"timestamp":"2026-08-09T08:55:20.858036Z","level":"info","event":"Rows extracted: 5","logger":"task.stdout"}
{"timestamp":"2026-08-09T08:55:20.860049Z","level":"info","event":"Next file number: 1","logger":"task.stdout"}
{"timestamp":"2026-08-09T08:55:20.862525Z","level":"info","event":"Created CSV:","logger":"task.stdout"}
{"timestamp":"2026-08-09T08:55:20.863815Z","level":"info","event":"/opt/airflow/mysql_exports/users/users1.csv","logger":"task.stdout"}
{"timestamp":"2026-08-09T08:55:20.865073Z","level":"info","event":"Uploading users1.csv","logger":"task.stdout"}
{"timestamp":"2026-08-09T08:55:20.867168Z","level":"info","event":"Stage: @PHARMACY_DB.COMMON.CSV_STAGE/users/","logger":"task.stdout"}
{"timestamp":"2026-08-09T08:55:21.095916Z","level":"info","event":"('users1.csv', 'users1.csv.gz', 482, 0, 'NONE', 'GZIP', 'SKIPPED', '')","logger":"task.stdout"}
{"timestamp":"2026-08-09T08:55:21.097206Z","level":"info","event":"✅ users1.csv successfully uploaded","logger":"task.stdout"}
{"timestamp":"2026-08-09T08:55:21.098445Z","level":"info","event":"   Local : /opt/airflow/mysql_exports/users/users1.csv","logger":"task.stdout"}
{"timestamp":"2026-08-09T08:55:21.099684Z","level":"info","event":"   Stage : @PHARMACY_DB.COMMON.CSV_STAGE/users/","logger":"task.stdout"}
{"timestamp":"2026-08-09T08:55:21.101136Z","level":"info","event":"","logger":"task.stdout"}
{"timestamp":"2026-08-09T08:55:21.102237Z","level":"info","event":"============================================================","logger":"task.stdout"}
{"timestamp":"2026-08-09T08:55:21.103477Z","level":"info","event":"ALL TABLES PROCESSED","logger":"task.stdout"}
{"timestamp":"2026-08-09T08:55:21.104508Z","level":"info","event":"============================================================","logger":"task.stdout"}
{"timestamp":"2026-08-09T08:55:21.096035Z","level":"info","event":"Done. Returned value was: None","task_id":"create_tables_snow","dag_id":"dag_orchestration_id","run_id":"manual__2026-08-09T08:54:58.862522+00:00","map_index":-1,"try_number":1,"ti_id":"019fe5bb-8280-7765-8061-b02cc714d772","logger":"airflow.task.operators.airflow.providers.standard.decorators.python._PythonDecoratedOperator","filename":"python.py","lineno":233}
{"timestamp":"2026-08-09T08:55:21.096426Z","level":"info","event":"::group::Post Execute","task_id":"create_tables_snow","dag_id":"dag_orchestration_id","run_id":"manual__2026-08-09T08:54:58.862522+00:00","map_index":-1,"try_number":1,"ti_id":"019fe5bb-8280-7765-8061-b02cc714d772","logger":"task","filename":"task_runner.py","lineno":1577}
{"timestamp":"2026-08-09T08:55:21.162044Z","level":"info","event":"::endgroup::","task_id":"create_tables_snow","dag_id":"dag_orchestration_id","run_id":"manual__2026-08-09T08:54:58.862522+00:00","map_index":-1,"try_number":1,"ti_id":"019fe5bb-8280-7765-8061-b02cc714d772","logger":"task","filename":"task_runner.py","lineno":2270}
