{"timestamp":"2026-08-09T09:41:41.676270Z","level":"info","event":"::group::Pre Execute","logger":"task","filename":"task_runner.py","lineno":2303}
{"timestamp":"2026-08-09T09:41:50.286234Z","level":"info","event":"DAG bundles loaded: dags-folder","task_id":"create_tables_snow","dag_id":"dag_orchestration_id","ti_id":"019fe5e6-3c82-762d-9acf-4741e4c5bc1b","run_id":"manual__2026-08-09T09:41:38.975464+00:00","try_number":1,"map_index":-1,"logger":"airflow.dag_processing.bundles.manager.DagBundlesManager","filename":"manager.py","lineno":271}
{"timestamp":"2026-08-09T09:41:50.315083Z","level":"info","event":"Filling up the DagBag from /opt/airflow/dags/orchestration.py","task_id":"create_tables_snow","dag_id":"dag_orchestration_id","ti_id":"019fe5e6-3c82-762d-9acf-4741e4c5bc1b","run_id":"manual__2026-08-09T09:41:38.975464+00:00","try_number":1,"map_index":-1,"logger":"airflow.dag_processing.dagbag.BundleDagBag","filename":"dagbag.py","lineno":460}
{"timestamp":"2026-08-09T09:41:51.655948Z","level":"info","event":"Worker startup parse complete","bundle_name":"dags-folder","bundle_version":null,"dag_file":"orchestration.py","dag_id":"dag_orchestration_id","bundle_prepare_ms":45,"dag_file_parse_ms":1354,"task_id":"create_tables_snow","ti_id":"019fe5e6-3c82-762d-9acf-4741e4c5bc1b","run_id":"manual__2026-08-09T09:41:38.975464+00:00","try_number":1,"map_index":-1,"logger":"task","filename":"task_runner.py","lineno":1062}
{"timestamp":"2026-08-09T09:41:51.811676Z","level":"info","event":"::endgroup::","task_id":"create_tables_snow","dag_id":"dag_orchestration_id","ti_id":"019fe5e6-3c82-762d-9acf-4741e4c5bc1b","run_id":"manual__2026-08-09T09:41:38.975464+00:00","try_number":1,"map_index":-1,"logger":"task","filename":"task_runner.py","lineno":2107}
{"timestamp":"2026-08-09T09:41:58.078693Z","level":"warning","event":"urllib3 (2.7.0) or chardet (6.0.0.post1)/charset_normalizer (3.4.7) doesn't match a supported version!","category":"RequestsDependencyWarning","filename":"/home/airflow/.local/lib/python3.13/site-packages/snowflake/connector/vendored/requests/__init__.py","lineno":113,"task_id":"create_tables_snow","dag_id":"dag_orchestration_id","ti_id":"019fe5e6-3c82-762d-9acf-4741e4c5bc1b","run_id":"manual__2026-08-09T09:41:38.975464+00:00","try_number":1,"map_index":-1,"logger":"py.warnings"}
{"timestamp":"2026-08-09T09:42:00.794895Z","level":"info","event":"✅ MySQL Connection Successful","logger":"task.stdout"}
{"timestamp":"2026-08-09T09:42:00.798479Z","level":"info","event":"Snowflake Connector for Python Version: 4.6.0, Python Version: 3.13.14, Platform: Linux-6.18.33.2-microsoft-standard-WSL2-x86_64-with-glibc2.36","logger":"snowflake.connector.connection","task_id":"create_tables_snow","dag_id":"dag_orchestration_id","ti_id":"019fe5e6-3c82-762d-9acf-4741e4c5bc1b","run_id":"manual__2026-08-09T09:41:38.975464+00:00","try_number":1,"map_index":-1,"filename":"connection.py","lineno":638}
{"timestamp":"2026-08-09T09:42:00.848145Z","level":"info","event":"Connecting to GLOBAL Snowflake domain","logger":"snowflake.connector.connection","task_id":"create_tables_snow","dag_id":"dag_orchestration_id","ti_id":"019fe5e6-3c82-762d-9acf-4741e4c5bc1b","run_id":"manual__2026-08-09T09:41:38.975464+00:00","try_number":1,"map_index":-1,"filename":"connection.py","lineno":1760}
{"timestamp":"2026-08-09T09:42:18.258782Z","level":"info","event":"✅ Snowflake Connection Successful","logger":"task.stdout"}
{"timestamp":"2026-08-09T09:42:18.260646Z","level":"info","event":"User: ATECHPROC","logger":"task.stdout"}
{"timestamp":"2026-08-09T09:42:18.267308Z","level":"info","event":"Database: PHARMACY_DB","logger":"task.stdout"}
{"timestamp":"2026-08-09T09:42:18.269390Z","level":"info","event":"Schema: COMMON","logger":"task.stdout"}
{"timestamp":"2026-08-09T09:42:18.270564Z","level":"info","event":"Warehouse: COMPUTE_WH","logger":"task.stdout"}
{"timestamp":"2026-08-09T09:42:18.272151Z","level":"info","event":"Role: ACCOUNTADMIN","logger":"task.stdout"}
{"timestamp":"2026-08-09T09:42:18.402118Z","level":"info","event":"","logger":"task.stdout"}
{"timestamp":"2026-08-09T09:42:18.405412Z","level":"info","event":"============================================================","logger":"task.stdout"}
{"timestamp":"2026-08-09T09:42:18.410033Z","level":"info","event":"PROCESSING TABLE: addresses","logger":"task.stdout"}
{"timestamp":"2026-08-09T09:42:18.415511Z","level":"info","event":"============================================================","logger":"task.stdout"}
{"timestamp":"2026-08-09T09:42:18.420269Z","level":"info","event":"Extracting addresses from MySQL...","logger":"task.stdout"}
{"timestamp":"2026-08-09T09:42:19.247622Z","level":"info","event":"Rows extracted: 5","logger":"task.stdout"}
{"timestamp":"2026-08-09T09:42:19.251750Z","level":"info","event":"Next file number: 4","logger":"task.stdout"}
{"timestamp":"2026-08-09T09:42:19.280647Z","level":"info","event":"Created CSV:","logger":"task.stdout"}
{"timestamp":"2026-08-09T09:42:19.283175Z","level":"info","event":"/opt/airflow/mysql_exports/addresses/addresses4.csv","logger":"task.stdout"}
{"timestamp":"2026-08-09T09:42:19.287829Z","level":"info","event":"Uploading addresses4.csv","logger":"task.stdout"}
{"timestamp":"2026-08-09T09:42:19.289646Z","level":"info","event":"Stage: @PHARMACY_DB.COMMON.CSV_STAGE/addresses/","logger":"task.stdout"}
{"timestamp":"2026-08-09T09:42:21.091466Z","level":"info","event":"('addresses4.csv', 'addresses4.csv.gz', 258, 224, 'NONE', 'GZIP', 'UPLOADED', '')","logger":"task.stdout"}
{"timestamp":"2026-08-09T09:42:21.177070Z","level":"info","event":"✅ addresses4.csv successfully uploaded","logger":"task.stdout"}
{"timestamp":"2026-08-09T09:42:21.192376Z","level":"info","event":"   Local : /opt/airflow/mysql_exports/addresses/addresses4.csv","logger":"task.stdout"}
{"timestamp":"2026-08-09T09:42:21.199415Z","level":"info","event":"   Stage : @PHARMACY_DB.COMMON.CSV_STAGE/addresses/","logger":"task.stdout"}
{"timestamp":"2026-08-09T09:42:21.201418Z","level":"info","event":"","logger":"task.stdout"}
{"timestamp":"2026-08-09T09:42:21.202651Z","level":"info","event":"============================================================","logger":"task.stdout"}
{"timestamp":"2026-08-09T09:42:21.208335Z","level":"info","event":"PROCESSING TABLE: cart-items","logger":"task.stdout"}
{"timestamp":"2026-08-09T09:42:21.212270Z","level":"info","event":"============================================================","logger":"task.stdout"}
{"timestamp":"2026-08-09T09:42:21.214569Z","level":"info","event":"Extracting cart-items from MySQL...","logger":"task.stdout"}
{"timestamp":"2026-08-09T09:42:21.441248Z","level":"info","event":"Rows extracted: 5","logger":"task.stdout"}
{"timestamp":"2026-08-09T09:42:21.496377Z","level":"info","event":"Next file number: 5","logger":"task.stdout"}
{"timestamp":"2026-08-09T09:42:21.615026Z","level":"info","event":"Created CSV:","logger":"task.stdout"}
{"timestamp":"2026-08-09T09:42:21.633500Z","level":"info","event":"/opt/airflow/mysql_exports/cart-items/cart-items5.csv","logger":"task.stdout"}
{"timestamp":"2026-08-09T09:42:21.643889Z","level":"info","event":"Uploading cart-items5.csv","logger":"task.stdout"}
{"timestamp":"2026-08-09T09:42:21.646588Z","level":"info","event":"Stage: @PHARMACY_DB.COMMON.CSV_STAGE/cart-items/","logger":"task.stdout"}
{"timestamp":"2026-08-09T09:42:22.058247Z","level":"info","event":"('cart-items5.csv', 'cart-items5.csv.gz', 246, 192, 'NONE', 'GZIP', 'UPLOADED', '')","logger":"task.stdout"}
{"timestamp":"2026-08-09T09:42:22.078973Z","level":"info","event":"✅ cart-items5.csv successfully uploaded","logger":"task.stdout"}
{"timestamp":"2026-08-09T09:42:22.122802Z","level":"info","event":"   Local : /opt/airflow/mysql_exports/cart-items/cart-items5.csv","logger":"task.stdout"}
{"timestamp":"2026-08-09T09:42:22.141472Z","level":"info","event":"   Stage : @PHARMACY_DB.COMMON.CSV_STAGE/cart-items/","logger":"task.stdout"}
{"timestamp":"2026-08-09T09:42:22.143195Z","level":"info","event":"","logger":"task.stdout"}
{"timestamp":"2026-08-09T09:42:22.144486Z","level":"info","event":"============================================================","logger":"task.stdout"}
{"timestamp":"2026-08-09T09:42:22.146185Z","level":"info","event":"PROCESSING TABLE: carts","logger":"task.stdout"}
{"timestamp":"2026-08-09T09:42:22.151161Z","level":"info","event":"============================================================","logger":"task.stdout"}
{"timestamp":"2026-08-09T09:42:22.153226Z","level":"info","event":"Extracting carts from MySQL...","logger":"task.stdout"}
{"timestamp":"2026-08-09T09:42:22.292176Z","level":"info","event":"Rows extracted: 5","logger":"task.stdout"}
{"timestamp":"2026-08-09T09:42:22.307300Z","level":"info","event":"Next file number: 5","logger":"task.stdout"}
{"timestamp":"2026-08-09T09:42:22.326670Z","level":"info","event":"Created CSV:","logger":"task.stdout"}
{"timestamp":"2026-08-09T09:42:22.331980Z","level":"info","event":"/opt/airflow/mysql_exports/carts/carts5.csv","logger":"task.stdout"}
{"timestamp":"2026-08-09T09:42:22.337229Z","level":"info","event":"Uploading carts5.csv","logger":"task.stdout"}
{"timestamp":"2026-08-09T09:42:22.339345Z","level":"info","event":"Stage: @PHARMACY_DB.COMMON.CSV_STAGE/carts/","logger":"task.stdout"}
{"timestamp":"2026-08-09T09:42:22.831012Z","level":"info","event":"('carts5.csv', 'carts5.csv.gz', 212, 160, 'NONE', 'GZIP', 'UPLOADED', '')","logger":"task.stdout"}
{"timestamp":"2026-08-09T09:42:22.866374Z","level":"info","event":"✅ carts5.csv successfully uploaded","logger":"task.stdout"}
{"timestamp":"2026-08-09T09:42:22.888213Z","level":"info","event":"   Local : /opt/airflow/mysql_exports/carts/carts5.csv","logger":"task.stdout"}
{"timestamp":"2026-08-09T09:42:22.890196Z","level":"info","event":"   Stage : @PHARMACY_DB.COMMON.CSV_STAGE/carts/","logger":"task.stdout"}
{"timestamp":"2026-08-09T09:42:22.925753Z","level":"info","event":"","logger":"task.stdout"}
{"timestamp":"2026-08-09T09:42:22.962507Z","level":"info","event":"============================================================","logger":"task.stdout"}
{"timestamp":"2026-08-09T09:42:22.994387Z","level":"info","event":"PROCESSING TABLE: categories","logger":"task.stdout"}
{"timestamp":"2026-08-09T09:42:23.035661Z","level":"info","event":"============================================================","logger":"task.stdout"}
{"timestamp":"2026-08-09T09:42:23.040664Z","level":"info","event":"Extracting categories from MySQL...","logger":"task.stdout"}
{"timestamp":"2026-08-09T09:42:23.119078Z","level":"info","event":"Rows extracted: 5","logger":"task.stdout"}
{"timestamp":"2026-08-09T09:42:23.149453Z","level":"info","event":"Next file number: 5","logger":"task.stdout"}
{"timestamp":"2026-08-09T09:42:23.161190Z","level":"info","event":"Created CSV:","logger":"task.stdout"}
{"timestamp":"2026-08-09T09:42:23.171419Z","level":"info","event":"/opt/airflow/mysql_exports/categories/categories5.csv","logger":"task.stdout"}
{"timestamp":"2026-08-09T09:42:23.184188Z","level":"info","event":"Uploading categories5.csv","logger":"task.stdout"}
{"timestamp":"2026-08-09T09:42:23.329206Z","level":"info","event":"Stage: @PHARMACY_DB.COMMON.CSV_STAGE/categories/","logger":"task.stdout"}
{"timestamp":"2026-08-09T09:42:23.787006Z","level":"info","event":"('categories5.csv', 'categories5.csv.gz', 242, 208, 'NONE', 'GZIP', 'UPLOADED', '')","logger":"task.stdout"}
{"timestamp":"2026-08-09T09:42:23.831005Z","level":"info","event":"✅ categories5.csv successfully uploaded","logger":"task.stdout"}
{"timestamp":"2026-08-09T09:42:23.856048Z","level":"info","event":"   Local : /opt/airflow/mysql_exports/categories/categories5.csv","logger":"task.stdout"}
{"timestamp":"2026-08-09T09:42:23.876137Z","level":"info","event":"   Stage : @PHARMACY_DB.COMMON.CSV_STAGE/categories/","logger":"task.stdout"}
{"timestamp":"2026-08-09T09:42:23.888437Z","level":"info","event":"","logger":"task.stdout"}
{"timestamp":"2026-08-09T09:42:23.923853Z","level":"info","event":"============================================================","logger":"task.stdout"}
{"timestamp":"2026-08-09T09:42:23.930078Z","level":"info","event":"PROCESSING TABLE: credits","logger":"task.stdout"}
{"timestamp":"2026-08-09T09:42:23.932660Z","level":"info","event":"============================================================","logger":"task.stdout"}
{"timestamp":"2026-08-09T09:42:23.938987Z","level":"info","event":"Extracting credits from MySQL...","logger":"task.stdout"}
{"timestamp":"2026-08-09T09:42:24.103088Z","level":"info","event":"Rows extracted: 5","logger":"task.stdout"}
{"timestamp":"2026-08-09T09:42:24.110382Z","level":"info","event":"Next file number: 5","logger":"task.stdout"}
{"timestamp":"2026-08-09T09:42:24.122839Z","level":"info","event":"Created CSV:","logger":"task.stdout"}
{"timestamp":"2026-08-09T09:42:24.128469Z","level":"info","event":"/opt/airflow/mysql_exports/credits/credits5.csv","logger":"task.stdout"}
{"timestamp":"2026-08-09T09:42:24.144929Z","level":"info","event":"Uploading credits5.csv","logger":"task.stdout"}
{"timestamp":"2026-08-09T09:42:24.149666Z","level":"info","event":"Stage: @PHARMACY_DB.COMMON.CSV_STAGE/credits/","logger":"task.stdout"}
{"timestamp":"2026-08-09T09:42:24.569615Z","level":"info","event":"('credits5.csv', 'credits5.csv.gz', 404, 272, 'NONE', 'GZIP', 'UPLOADED', '')","logger":"task.stdout"}
{"timestamp":"2026-08-09T09:42:24.571240Z","level":"info","event":"✅ credits5.csv successfully uploaded","logger":"task.stdout"}
{"timestamp":"2026-08-09T09:42:24.573557Z","level":"info","event":"   Local : /opt/airflow/mysql_exports/credits/credits5.csv","logger":"task.stdout"}
{"timestamp":"2026-08-09T09:42:24.576305Z","level":"info","event":"   Stage : @PHARMACY_DB.COMMON.CSV_STAGE/credits/","logger":"task.stdout"}
{"timestamp":"2026-08-09T09:42:24.578327Z","level":"info","event":"","logger":"task.stdout"}
{"timestamp":"2026-08-09T09:42:24.583458Z","level":"info","event":"============================================================","logger":"task.stdout"}
{"timestamp":"2026-08-09T09:42:24.585925Z","level":"info","event":"PROCESSING TABLE: medicine","logger":"task.stdout"}
{"timestamp":"2026-08-09T09:42:24.588240Z","level":"info","event":"============================================================","logger":"task.stdout"}
{"timestamp":"2026-08-09T09:42:24.589712Z","level":"info","event":"Extracting medicine from MySQL...","logger":"task.stdout"}
{"timestamp":"2026-08-09T09:42:24.704794Z","level":"info","event":"Rows extracted: 5","logger":"task.stdout"}
{"timestamp":"2026-08-09T09:42:24.792802Z","level":"info","event":"Next file number: 5","logger":"task.stdout"}
{"timestamp":"2026-08-09T09:42:24.804341Z","level":"info","event":"Created CSV:","logger":"task.stdout"}
{"timestamp":"2026-08-09T09:42:24.809076Z","level":"info","event":"/opt/airflow/mysql_exports/medicine/medicine5.csv","logger":"task.stdout"}
{"timestamp":"2026-08-09T09:42:24.812904Z","level":"info","event":"Uploading medicine5.csv","logger":"task.stdout"}
{"timestamp":"2026-08-09T09:42:24.815876Z","level":"info","event":"Stage: @PHARMACY_DB.COMMON.CSV_STAGE/medicine/","logger":"task.stdout"}
{"timestamp":"2026-08-09T09:42:25.238979Z","level":"info","event":"('medicine5.csv', 'medicine5.csv.gz', 614, 400, 'NONE', 'GZIP', 'UPLOADED', '')","logger":"task.stdout"}
{"timestamp":"2026-08-09T09:42:25.274518Z","level":"info","event":"✅ medicine5.csv successfully uploaded","logger":"task.stdout"}
{"timestamp":"2026-08-09T09:42:25.285697Z","level":"info","event":"   Local : /opt/airflow/mysql_exports/medicine/medicine5.csv","logger":"task.stdout"}
{"timestamp":"2026-08-09T09:42:25.295422Z","level":"info","event":"   Stage : @PHARMACY_DB.COMMON.CSV_STAGE/medicine/","logger":"task.stdout"}
{"timestamp":"2026-08-09T09:42:25.302748Z","level":"info","event":"","logger":"task.stdout"}
{"timestamp":"2026-08-09T09:42:25.337710Z","level":"info","event":"============================================================","logger":"task.stdout"}
{"timestamp":"2026-08-09T09:42:25.344616Z","level":"info","event":"PROCESSING TABLE: order-items","logger":"task.stdout"}
{"timestamp":"2026-08-09T09:42:25.351475Z","level":"info","event":"============================================================","logger":"task.stdout"}
{"timestamp":"2026-08-09T09:42:25.442329Z","level":"info","event":"Extracting order-items from MySQL...","logger":"task.stdout"}
{"timestamp":"2026-08-09T09:42:25.681091Z","level":"info","event":"Rows extracted: 5","logger":"task.stdout"}
{"timestamp":"2026-08-09T09:42:25.706134Z","level":"info","event":"Next file number: 5","logger":"task.stdout"}
{"timestamp":"2026-08-09T09:42:25.716395Z","level":"info","event":"Created CSV:","logger":"task.stdout"}
{"timestamp":"2026-08-09T09:42:25.721518Z","level":"info","event":"/opt/airflow/mysql_exports/order-items/order-items5.csv","logger":"task.stdout"}
{"timestamp":"2026-08-09T09:42:25.723330Z","level":"info","event":"Uploading order-items5.csv","logger":"task.stdout"}
{"timestamp":"2026-08-09T09:42:25.725371Z","level":"info","event":"Stage: @PHARMACY_DB.COMMON.CSV_STAGE/order-items/","logger":"task.stdout"}
{"timestamp":"2026-08-09T09:42:26.223452Z","level":"info","event":"('order-items5.csv', 'order-items5.csv.gz', 246, 192, 'NONE', 'GZIP', 'UPLOADED', '')","logger":"task.stdout"}
{"timestamp":"2026-08-09T09:42:26.228035Z","level":"info","event":"✅ order-items5.csv successfully uploaded","logger":"task.stdout"}
{"timestamp":"2026-08-09T09:42:26.234524Z","level":"info","event":"   Local : /opt/airflow/mysql_exports/order-items/order-items5.csv","logger":"task.stdout"}
{"timestamp":"2026-08-09T09:42:26.244898Z","level":"info","event":"   Stage : @PHARMACY_DB.COMMON.CSV_STAGE/order-items/","logger":"task.stdout"}
{"timestamp":"2026-08-09T09:42:26.258304Z","level":"info","event":"","logger":"task.stdout"}
{"timestamp":"2026-08-09T09:42:26.275333Z","level":"info","event":"============================================================","logger":"task.stdout"}
{"timestamp":"2026-08-09T09:42:26.341214Z","level":"info","event":"PROCESSING TABLE: orders","logger":"task.stdout"}
{"timestamp":"2026-08-09T09:42:26.344810Z","level":"info","event":"============================================================","logger":"task.stdout"}
{"timestamp":"2026-08-09T09:42:26.358602Z","level":"info","event":"Extracting orders from MySQL...","logger":"task.stdout"}
{"timestamp":"2026-08-09T09:42:26.390111Z","level":"info","event":"Rows extracted: 5","logger":"task.stdout"}
{"timestamp":"2026-08-09T09:42:26.404046Z","level":"info","event":"Next file number: 5","logger":"task.stdout"}
{"timestamp":"2026-08-09T09:42:26.407200Z","level":"info","event":"Created CSV:","logger":"task.stdout"}
{"timestamp":"2026-08-09T09:42:26.408588Z","level":"info","event":"/opt/airflow/mysql_exports/orders/orders5.csv","logger":"task.stdout"}
{"timestamp":"2026-08-09T09:42:26.413688Z","level":"info","event":"Uploading orders5.csv","logger":"task.stdout"}
{"timestamp":"2026-08-09T09:42:26.418026Z","level":"info","event":"Stage: @PHARMACY_DB.COMMON.CSV_STAGE/orders/","logger":"task.stdout"}
{"timestamp":"2026-08-09T09:42:26.784551Z","level":"info","event":"('orders5.csv', 'orders5.csv.gz', 424, 240, 'NONE', 'GZIP', 'UPLOADED', '')","logger":"task.stdout"}
{"timestamp":"2026-08-09T09:42:26.786927Z","level":"info","event":"✅ orders5.csv successfully uploaded","logger":"task.stdout"}
{"timestamp":"2026-08-09T09:42:26.793178Z","level":"info","event":"   Local : /opt/airflow/mysql_exports/orders/orders5.csv","logger":"task.stdout"}
{"timestamp":"2026-08-09T09:42:26.795971Z","level":"info","event":"   Stage : @PHARMACY_DB.COMMON.CSV_STAGE/orders/","logger":"task.stdout"}
{"timestamp":"2026-08-09T09:42:26.805032Z","level":"info","event":"","logger":"task.stdout"}
{"timestamp":"2026-08-09T09:42:26.810060Z","level":"info","event":"============================================================","logger":"task.stdout"}
{"timestamp":"2026-08-09T09:42:26.815739Z","level":"info","event":"PROCESSING TABLE: pharmacy","logger":"task.stdout"}
{"timestamp":"2026-08-09T09:42:26.842071Z","level":"info","event":"============================================================","logger":"task.stdout"}
{"timestamp":"2026-08-09T09:42:26.855034Z","level":"info","event":"Extracting pharmacy from MySQL...","logger":"task.stdout"}
{"timestamp":"2026-08-09T09:42:26.911693Z","level":"info","event":"Rows extracted: 5","logger":"task.stdout"}
{"timestamp":"2026-08-09T09:42:26.957429Z","level":"info","event":"Next file number: 5","logger":"task.stdout"}
{"timestamp":"2026-08-09T09:42:26.964058Z","level":"info","event":"Created CSV:","logger":"task.stdout"}
{"timestamp":"2026-08-09T09:42:26.976536Z","level":"info","event":"/opt/airflow/mysql_exports/pharmacy/pharmacy5.csv","logger":"task.stdout"}
{"timestamp":"2026-08-09T09:42:26.982201Z","level":"info","event":"Uploading pharmacy5.csv","logger":"task.stdout"}
{"timestamp":"2026-08-09T09:42:26.995527Z","level":"info","event":"Stage: @PHARMACY_DB.COMMON.CSV_STAGE/pharmacy/","logger":"task.stdout"}
{"timestamp":"2026-08-09T09:42:27.408357Z","level":"info","event":"('pharmacy5.csv', 'pharmacy5.csv.gz', 358, 224, 'NONE', 'GZIP', 'UPLOADED', '')","logger":"task.stdout"}
{"timestamp":"2026-08-09T09:42:27.435769Z","level":"info","event":"✅ pharmacy5.csv successfully uploaded","logger":"task.stdout"}
{"timestamp":"2026-08-09T09:42:27.470806Z","level":"info","event":"   Local : /opt/airflow/mysql_exports/pharmacy/pharmacy5.csv","logger":"task.stdout"}
{"timestamp":"2026-08-09T09:42:27.534094Z","level":"info","event":"   Stage : @PHARMACY_DB.COMMON.CSV_STAGE/pharmacy/","logger":"task.stdout"}
{"timestamp":"2026-08-09T09:42:27.540516Z","level":"info","event":"","logger":"task.stdout"}
{"timestamp":"2026-08-09T09:42:27.542446Z","level":"info","event":"============================================================","logger":"task.stdout"}
{"timestamp":"2026-08-09T09:42:27.546289Z","level":"info","event":"PROCESSING TABLE: suppliers","logger":"task.stdout"}
{"timestamp":"2026-08-09T09:42:27.551939Z","level":"info","event":"============================================================","logger":"task.stdout"}
{"timestamp":"2026-08-09T09:42:27.553596Z","level":"info","event":"Extracting suppliers from MySQL...","logger":"task.stdout"}
{"timestamp":"2026-08-09T09:42:27.584535Z","level":"info","event":"Rows extracted: 5","logger":"task.stdout"}
{"timestamp":"2026-08-09T09:42:27.611217Z","level":"info","event":"Next file number: 5","logger":"task.stdout"}
{"timestamp":"2026-08-09T09:42:27.612258Z","level":"info","event":"Created CSV:","logger":"task.stdout"}
{"timestamp":"2026-08-09T09:42:27.613308Z","level":"info","event":"/opt/airflow/mysql_exports/suppliers/suppliers5.csv","logger":"task.stdout"}
{"timestamp":"2026-08-09T09:42:27.614546Z","level":"info","event":"Uploading suppliers5.csv","logger":"task.stdout"}
{"timestamp":"2026-08-09T09:42:27.618451Z","level":"info","event":"Stage: @PHARMACY_DB.COMMON.CSV_STAGE/suppliers/","logger":"task.stdout"}
{"timestamp":"2026-08-09T09:42:28.046751Z","level":"info","event":"('suppliers5.csv', 'suppliers5.csv.gz', 237, 192, 'NONE', 'GZIP', 'UPLOADED', '')","logger":"task.stdout"}
{"timestamp":"2026-08-09T09:42:28.052590Z","level":"info","event":"✅ suppliers5.csv successfully uploaded","logger":"task.stdout"}
{"timestamp":"2026-08-09T09:42:28.090943Z","level":"info","event":"   Local : /opt/airflow/mysql_exports/suppliers/suppliers5.csv","logger":"task.stdout"}
{"timestamp":"2026-08-09T09:42:28.112012Z","level":"info","event":"   Stage : @PHARMACY_DB.COMMON.CSV_STAGE/suppliers/","logger":"task.stdout"}
{"timestamp":"2026-08-09T09:42:28.125446Z","level":"info","event":"","logger":"task.stdout"}
{"timestamp":"2026-08-09T09:42:28.131810Z","level":"info","event":"============================================================","logger":"task.stdout"}
{"timestamp":"2026-08-09T09:42:28.163312Z","level":"info","event":"PROCESSING TABLE: taxes","logger":"task.stdout"}
{"timestamp":"2026-08-09T09:42:28.199130Z","level":"info","event":"============================================================","logger":"task.stdout"}
{"timestamp":"2026-08-09T09:42:28.213913Z","level":"info","event":"Extracting taxes from MySQL...","logger":"task.stdout"}
{"timestamp":"2026-08-09T09:42:28.440802Z","level":"info","event":"Rows extracted: 5","logger":"task.stdout"}
{"timestamp":"2026-08-09T09:42:28.465370Z","level":"info","event":"Next file number: 5","logger":"task.stdout"}
{"timestamp":"2026-08-09T09:42:28.535321Z","level":"info","event":"Created CSV:","logger":"task.stdout"}
{"timestamp":"2026-08-09T09:42:28.544732Z","level":"info","event":"/opt/airflow/mysql_exports/taxes/taxes5.csv","logger":"task.stdout"}
{"timestamp":"2026-08-09T09:42:28.548094Z","level":"info","event":"Uploading taxes5.csv","logger":"task.stdout"}
{"timestamp":"2026-08-09T09:42:28.555773Z","level":"info","event":"Stage: @PHARMACY_DB.COMMON.CSV_STAGE/taxes/","logger":"task.stdout"}
{"timestamp":"2026-08-09T09:42:28.939683Z","level":"info","event":"('taxes5.csv', 'taxes5.csv.gz', 391, 272, 'NONE', 'GZIP', 'UPLOADED', '')","logger":"task.stdout"}
{"timestamp":"2026-08-09T09:42:28.946658Z","level":"info","event":"✅ taxes5.csv successfully uploaded","logger":"task.stdout"}
{"timestamp":"2026-08-09T09:42:28.953173Z","level":"info","event":"   Local : /opt/airflow/mysql_exports/taxes/taxes5.csv","logger":"task.stdout"}
{"timestamp":"2026-08-09T09:42:28.973923Z","level":"info","event":"   Stage : @PHARMACY_DB.COMMON.CSV_STAGE/taxes/","logger":"task.stdout"}
{"timestamp":"2026-08-09T09:42:28.976866Z","level":"info","event":"","logger":"task.stdout"}
{"timestamp":"2026-08-09T09:42:28.980577Z","level":"info","event":"============================================================","logger":"task.stdout"}
{"timestamp":"2026-08-09T09:42:28.982207Z","level":"info","event":"PROCESSING TABLE: users","logger":"task.stdout"}
{"timestamp":"2026-08-09T09:42:28.987010Z","level":"info","event":"============================================================","logger":"task.stdout"}
{"timestamp":"2026-08-09T09:42:28.989139Z","level":"info","event":"Extracting users from MySQL...","logger":"task.stdout"}
{"timestamp":"2026-08-09T09:42:29.292113Z","level":"info","event":"Rows extracted: 5","logger":"task.stdout"}
{"timestamp":"2026-08-09T09:42:29.303567Z","level":"info","event":"Next file number: 5","logger":"task.stdout"}
{"timestamp":"2026-08-09T09:42:29.311795Z","level":"info","event":"Created CSV:","logger":"task.stdout"}
{"timestamp":"2026-08-09T09:42:29.315172Z","level":"info","event":"/opt/airflow/mysql_exports/users/users5.csv","logger":"task.stdout"}
{"timestamp":"2026-08-09T09:42:29.320670Z","level":"info","event":"Uploading users5.csv","logger":"task.stdout"}
{"timestamp":"2026-08-09T09:42:29.322472Z","level":"info","event":"Stage: @PHARMACY_DB.COMMON.CSV_STAGE/users/","logger":"task.stdout"}
{"timestamp":"2026-08-09T09:42:29.999381Z","level":"info","event":"('users5.csv', 'users5.csv.gz', 482, 256, 'NONE', 'GZIP', 'UPLOADED', '')","logger":"task.stdout"}
{"timestamp":"2026-08-09T09:42:30.017255Z","level":"info","event":"✅ users5.csv successfully uploaded","logger":"task.stdout"}
{"timestamp":"2026-08-09T09:42:30.036859Z","level":"info","event":"   Local : /opt/airflow/mysql_exports/users/users5.csv","logger":"task.stdout"}
{"timestamp":"2026-08-09T09:42:30.045868Z","level":"info","event":"   Stage : @PHARMACY_DB.COMMON.CSV_STAGE/users/","logger":"task.stdout"}
{"timestamp":"2026-08-09T09:42:30.047716Z","level":"info","event":"","logger":"task.stdout"}
{"timestamp":"2026-08-09T09:42:30.057877Z","level":"info","event":"============================================================","logger":"task.stdout"}
{"timestamp":"2026-08-09T09:42:30.059416Z","level":"info","event":"ALL TABLES PROCESSED","logger":"task.stdout"}
{"timestamp":"2026-08-09T09:42:30.061208Z","level":"info","event":"============================================================","logger":"task.stdout"}
{"timestamp":"2026-08-09T09:42:29.999991Z","level":"info","event":"Done. Returned value was: None","task_id":"create_tables_snow","dag_id":"dag_orchestration_id","ti_id":"019fe5e6-3c82-762d-9acf-4741e4c5bc1b","run_id":"manual__2026-08-09T09:41:38.975464+00:00","try_number":1,"map_index":-1,"logger":"airflow.task.operators.airflow.providers.standard.decorators.python._PythonDecoratedOperator","filename":"python.py","lineno":233}
{"timestamp":"2026-08-09T09:42:30.000519Z","level":"info","event":"::group::Post Execute","task_id":"create_tables_snow","dag_id":"dag_orchestration_id","ti_id":"019fe5e6-3c82-762d-9acf-4741e4c5bc1b","run_id":"manual__2026-08-09T09:41:38.975464+00:00","try_number":1,"map_index":-1,"logger":"task","filename":"task_runner.py","lineno":1577}
{"timestamp":"2026-08-09T09:42:30.617858Z","level":"info","event":"::endgroup::","task_id":"create_tables_snow","dag_id":"dag_orchestration_id","ti_id":"019fe5e6-3c82-762d-9acf-4741e4c5bc1b","run_id":"manual__2026-08-09T09:41:38.975464+00:00","try_number":1,"map_index":-1,"logger":"task","filename":"task_runner.py","lineno":2270}
